#-----------------------------------------------------------
# Vivado v2019.2 (64-bit)
# SW Build 2708876 on Wed Nov  6 21:40:23 MST 2019
# IP Build 2700528 on Thu Nov  7 00:09:20 MST 2019
# Start of session at: Tue Feb  2 17:36:38 2021
# Process ID: 109868
# Current directory: C:/Users/e190a104/Documents/00_VSim_InClass_Tutorial/n_bit_up_down_counter_Solution/vivado_project
# Command line: vivado.exe -gui_launcher_event rodinguilauncherevent34336 C:\Users\e190a104\Documents\00_VSim_InClass_Tutorial\n_bit_up_down_counter_Solution\vivado_project\vivado_project.xpr
# Log file: C:/Users/e190a104/Documents/00_VSim_InClass_Tutorial/n_bit_up_down_counter_Solution/vivado_project/vivado.log
# Journal file: C:/Users/e190a104/Documents/00_VSim_InClass_Tutorial/n_bit_up_down_counter_Solution/vivado_project\vivado.jou
#-----------------------------------------------------------
start_gui
open_project C:/Users/e190a104/Documents/00_VSim_InClass_Tutorial/n_bit_up_down_counter_Solution/vivado_project/vivado_project.xpr
update_compile_order -fileset sources_1
launch_simulation
open_wave_config C:/Users/e190a104/Documents/00_VSim_InClass_Tutorial/n_bit_up_down_counter_Solution/simulation_sources/n_bit_up_down_counter_wave.wcfg
source n_bit_up_down_counter_tb.tcl
close_sim
launch_simulation
open_wave_config C:/Users/e190a104/Documents/00_VSim_InClass_Tutorial/n_bit_up_down_counter_Solution/simulation_sources/n_bit_up_down_counter_wave.wcfg
source n_bit_up_down_counter_tb.tcl
close_sim
launch_simulation
open_wave_config C:/Users/e190a104/Documents/00_VSim_InClass_Tutorial/n_bit_up_down_counter_Solution/simulation_sources/n_bit_up_down_counter_wave.wcfg
source n_bit_up_down_counter_tb.tcl
save_wave_config {C:/Users/e190a104/Documents/00_VSim_InClass_Tutorial/n_bit_up_down_counter_Solution/simulation_sources/n_bit_up_down_counter_wave.wcfg}
save_wave_config {C:/Users/e190a104/Documents/00_VSim_InClass_Tutorial/n_bit_up_down_counter_Solution/simulation_sources/n_bit_up_down_counter_wave.wcfg}
close_sim
launch_simulation
open_wave_config C:/Users/e190a104/Documents/00_VSim_InClass_Tutorial/n_bit_up_down_counter_Solution/simulation_sources/n_bit_up_down_counter_wave.wcfg
source n_bit_up_down_counter_tb.tcl
close_sim
launch_simulation
open_wave_config C:/Users/e190a104/Documents/00_VSim_InClass_Tutorial/n_bit_up_down_counter_Solution/simulation_sources/n_bit_up_down_counter_wave.wcfg
source n_bit_up_down_counter_tb.tcl
close_sim
