#-----------------------------------------------------------
# Vivado v2020.2 (64-bit)
# SW Build 3064766 on Wed Nov 18 09:12:47 MST 2020
# IP Build 3064653 on Wed Nov 18 14:17:31 MST 2020
# Start of session at: Mon Mar 15 08:43:38 2021
# Process ID: 83954
# Current directory: /home/kam/dev/school/computer_architecture_645/fpga/HW06_MIPS_ALU_Bielawski
# Command line: vivado
# Log file: /home/kam/dev/school/computer_architecture_645/fpga/HW06_MIPS_ALU_Bielawski/vivado.log
# Journal file: /home/kam/dev/school/computer_architecture_645/fpga/HW06_MIPS_ALU_Bielawski/vivado.jou
#-----------------------------------------------------------
start_gui
create_project alu_file /home/kam/dev/school/computer_architecture_645/fpga/HW06_MIPS_ALU_Bielawski/alu_file -part xc7a100tcsg324-1
set_property target_language VHDL [current_project]
add_files {/home/kam/dev/school/computer_architecture_645/fpga/HW06_MIPS_ALU_Bielawski/design_sources/my_packages/ieee_2008/math_real-body.vhdl /home/kam/dev/school/computer_architecture_645/fpga/HW06_MIPS_ALU_Bielawski/design_sources/alu.vhd /home/kam/dev/school/computer_architecture_645/fpga/HW06_MIPS_ALU_Bielawski/design_sources/my_packages/my_package-body.vhd /home/kam/dev/school/computer_architecture_645/fpga/HW06_MIPS_ALU_Bielawski/design_sources/my_packages/ieee_2008/math_real.vhdl /home/kam/dev/school/computer_architecture_645/fpga/HW06_MIPS_ALU_Bielawski/design_sources/my_packages/my_package.vhd}
update_compile_order -fileset sources_1
update_compile_order -fileset sources_1
set_property SOURCE_SET sources_1 [get_filesets sim_1]
add_files -fileset sim_1 -norecurse /home/kam/dev/school/computer_architecture_645/fpga/HW06_MIPS_ALU_Bielawski/simulation_sources/alu_wave.wcfg
add_files -fileset sim_1 -norecurse /home/kam/dev/school/computer_architecture_645/fpga/HW06_MIPS_ALU_Bielawski/simulation_sources/alu_tb.vhd
update_compile_order -fileset sim_1
update_compile_order -fileset sim_1
set_property -name {xsim.simulate.runtime} -value {1100ns} -objects [get_filesets sim_1]
launch_simulation
open_wave_config /home/kam/dev/school/computer_architecture_645/fpga/HW06_MIPS_ALU_Bielawski/simulation_sources/alu_wave.wcfg
source alu_tb.tcl
close_sim
launch_simulation
open_wave_config /home/kam/dev/school/computer_architecture_645/fpga/HW06_MIPS_ALU_Bielawski/simulation_sources/alu_wave.wcfg
source alu_tb.tcl
close_sim
launch_simulation
open_wave_config /home/kam/dev/school/computer_architecture_645/fpga/HW06_MIPS_ALU_Bielawski/simulation_sources/alu_wave.wcfg
source alu_tb.tcl
close_sim
